0.01.892.196 W load: override 'tokenizer.ggml.add_bos_token' to 'true' for Gemma4
0.02.028.283 W load: control-looking token:    212 '</s>' was not control-type; this is probably a bug in the model. its type will be overridden
0.02.029.330 W load: control-looking token:     50 '<|tool_response>' was not control-type; this is probably a bug in the model. its type will be overridden
0.02.090.677 W load: special_eog_ids contains '<|tool_response>', removing '</s>' token from EOG list
0.06.199.839 I 
0.06.199.933 I system_info: n_threads = 8 (n_threads_batch = 8) / 32 | CUDA : ARCHS = 700,750,800,860,890 | USE_GRAPHS = 1 | CPU : SSE3 = 1 | SSSE3 = 1 | AVX = 1 | AVX2 = 1 | F16C = 1 | FMA = 1 | BMI2 = 1 | LLAMAFILE = 1 | OPENMP = 1 | REPACK = 1 | 
0.06.271.146 I kl_divergence: computing over 32 chunks, n_ctx=512, batch_size=512, n_seq=1
0.07.866.065 I kl_divergence: 1.59 seconds per pass - ETA 0.85 minutes

chunk             PPL               ln(PPL(Q)/PPL(base))          KL Divergence              Δp RMS            Same top p
   1    1281.6824 ±  483.8515       0.28043 ±    0.08601       0.04950 ±    0.00835     3.875 ±  0.956 %    91.373 ±  1.762 %
   2     887.2333 ±  228.7899       0.21308 ±    0.05487       0.11016 ±    0.00908     6.020 ±  0.829 %    84.118 ±  1.620 %
   3     663.2317 ±  134.4543       0.19378 ±    0.04262       0.11528 ±    0.01118     5.857 ±  0.725 %    84.575 ±  1.307 %
   4     893.7194 ±  156.5909       0.19027 ±    0.03668       0.11308 ±    0.01053     5.995 ±  0.799 %    84.902 ±  1.122 %
   5     893.9382 ±  135.4833       0.16133 ±    0.03025       0.10591 ±    0.00855     5.558 ±  0.693 %    85.176 ±  0.996 %
   6     938.2796 ±  129.5638       0.18947 ±    0.02891       0.11820 ±    0.00767     5.544 ±  0.591 %    83.725 ±  0.944 %
   7    1123.2146 ±  143.7082       0.19427 ±    0.02632       0.11158 ±    0.00693     5.226 ±  0.539 %    84.538 ±  0.856 %
   8    1150.5334 ±  136.1507       0.17139 ±    0.02398       0.11646 ±    0.00656     5.257 ±  0.505 %    83.971 ±  0.812 %
   9    1331.0454 ±  149.4997       0.17756 ±    0.02268       0.11121 ±    0.00597     5.095 ±  0.474 %    84.139 ±  0.763 %
  10    1419.9801 ±  150.7191       0.17220 ±    0.02127       0.10607 ±    0.00546     4.940 ±  0.443 %    84.510 ±  0.717 %
  11    1416.6006 ±  143.2279       0.17515 ±    0.02016       0.10260 ±    0.00501     4.839 ±  0.413 %    84.742 ±  0.679 %
  12    1361.7441 ±  131.4363       0.17174 ±    0.01886       0.10192 ±    0.00465     4.844 ±  0.386 %    84.771 ±  0.650 %
  13    1356.4589 ±  125.0749       0.16545 ±    0.01793       0.10051 ±    0.00441     4.756 ±  0.366 %    84.646 ±  0.626 %
  14    1301.3686 ±  116.1049       0.16760 ±    0.01734       0.10016 ±    0.00422     4.711 ±  0.347 %    84.594 ±  0.604 %
  15    1284.0649 ±  110.3502       0.16120 ±    0.01658       0.09992 ±    0.00401     4.662 ±  0.330 %    84.732 ±  0.582 %
  16    1347.3851 ±  113.3666       0.17421 ±    0.01688       0.10451 ±    0.00408     4.697 ±  0.310 %    84.485 ±  0.567 %
  17    1220.5532 ±   99.8510       0.17263 ±    0.01619       0.10184 ±    0.00387     4.642 ±  0.297 %    84.752 ±  0.546 %
  18    1237.6281 ±   98.6869       0.17525 ±    0.01585       0.10053 ±    0.00374     4.598 ±  0.285 %    84.749 ±  0.531 %
  19    1101.6696 ±   85.3138       0.17161 ±    0.01522       0.10013 ±    0.00361     4.650 ±  0.272 %    84.623 ±  0.518 %
  20    1098.7585 ±   82.9759       0.16598 ±    0.01465       0.10177 ±    0.00356     4.646 ±  0.260 %    84.490 ±  0.507 %
  21    1039.6601 ±   76.8753       0.16645 ±    0.01422       0.09917 ±    0.00341     4.640 ±  0.251 %    84.855 ±  0.490 %
  22     988.2268 ±   71.0777       0.16555 ±    0.01379       0.10278 ±    0.00339     4.782 ±  0.248 %    84.795 ±  0.479 %
  23     887.3247 ±   62.5937       0.16258 ±    0.01354       0.10174 ±    0.00328     4.792 ±  0.238 %    84.893 ±  0.468 %
  24     794.3673 ±   54.6273       0.15550 ±    0.01311       0.10209 ±    0.00318     4.865 ±  0.229 %    84.804 ±  0.459 %
  25     742.1494 ±   49.9450       0.15312 ±    0.01271       0.10115 ±    0.00307     4.864 ±  0.221 %    84.941 ±  0.448 %
  26     685.6397 ±   45.0707       0.12561 ±    0.01275       0.11402 ±    0.00340     5.227 ±  0.222 %    84.374 ±  0.446 %
  27     635.7392 ±   40.9323       0.12069 ±    0.01242       0.11400 ±    0.00333     5.219 ±  0.215 %    84.561 ±  0.435 %
  28     596.7554 ±   37.7453       0.12264 ±    0.01220       0.11247 ±    0.00323     5.193 ±  0.209 %    84.664 ±  0.426 %
  29     584.7966 ±   36.2354       0.12200 ±    0.01185       0.11132 ±    0.00314     5.140 ±  0.204 %    84.841 ±  0.417 %
  30     591.2803 ±   36.1139       0.12274 ±    0.01162       0.10939 ±    0.00304     5.103 ±  0.201 %    85.007 ±  0.408 %
  31     571.2803 ±   34.2607       0.12185 ±    0.01136       0.10937 ±    0.00298     5.103 ±  0.196 %    85.022 ±  0.401 %
  32     573.2233 ±   33.7920       0.11962 ±    0.01112       0.10906 ±    0.00292     5.097 ±  0.193 %    85.123 ±  0.394 %

====== Perplexity statistics ======
Mean PPL(Q)                   : 573.223342 ±  33.792023
Mean PPL(base)                : 508.596709 ±  28.358628
Cor(ln(PPL(Q)), ln(PPL(base))):  98.27%
Mean ln(PPL(Q)/PPL(base))     :   0.119620 ±   0.011124
Mean PPL(Q)/PPL(base)         :   1.127069 ±   0.012537
Mean PPL(Q)-PPL(base)         :  64.626633 ±   7.913597

====== KL divergence statistics ======
Mean    KLD:   0.109056 ±   0.002916
Maximum KLD:   5.760474
99.9%   KLD:   2.854649
99.0%   KLD:   1.240669
95.0%   KLD:   0.425605
90.0%   KLD:   0.252987
Median  KLD:   0.032823
10.0%   KLD:   0.001527
 5.0%   KLD:   0.000398
 1.0%   KLD:   0.000048
 0.1%   KLD:   0.000001
Minimum KLD:  -0.000041

====== Token probability statistics ======
Mean    Δp:  0.083 ± 0.056 %
Maximum Δp: 84.128%
99.9%   Δp: 44.792%
99.0%   Δp: 17.042%
95.0%   Δp:  5.179%
90.0%   Δp:  2.091%
75.0%   Δp:  0.080%
Median  Δp: -0.000%
25.0%   Δp: -0.073%
10.0%   Δp: -1.823%
 5.0%   Δp: -5.059%
 1.0%   Δp: -15.914%
 0.1%   Δp: -38.769%
Minimum Δp: -62.190%
RMS Δp    :  5.097 ± 0.193 %
Same top p: 85.123 ± 0.394 %

